2026-07-15 14:01:02 +0000 - dagster - DEBUG - __ASSET_JOB - 03c24df4-e032-46ad-a6e2-bc6297e6afb5 - 22696 - LOGS_CAPTURED - Started capturing logs in process (pid: 22696).
2026-07-15 14:01:02 +0000 - dagster - DEBUG - __ASSET_JOB - 03c24df4-e032-46ad-a6e2-bc6297e6afb5 - 22696 - gitlab_commits - STEP_START - Started execution of step "gitlab_commits".
2026-07-15 14:01:02 +0000 - dagster - ERROR - __ASSET_JOB - 03c24df4-e032-46ad-a6e2-bc6297e6afb5 - 22696 - gitlab_commits - STEP_FAILURE - Execution of step "gitlab_commits" failed.

dagster._core.errors.DagsterExecutionStepExecutionError: Error occurred while executing op "gitlab_commits"::

psycopg2.OperationalError: connection to server at "postgres" (172.18.0.2), port 5432 failed: FATAL:  password authentication failed for user "gitlab_scout"


Stack Trace:
  File "/usr/local/lib/python3.11/site-packages/dagster/_core/execution/plan/utils.py", line 56, in op_execution_error_boundary
    yield
  File "/usr/local/lib/python3.11/site-packages/dagster/_utils/__init__.py", line 480, in iterate_with_context
    next_output = next(iterator)
                  ^^^^^^^^^^^^^^
  File "/usr/local/lib/python3.11/site-packages/dagster/_core/execution/plan/compute_generator.py", line 127, in _coerce_op_compute_fn_to_iterator
    result = invoke_compute_fn(
             ^^^^^^^^^^^^^^^^^^
  File "/usr/local/lib/python3.11/site-packages/dagster/_core/execution/plan/compute_generator.py", line 115, in invoke_compute_fn
    return fn(context, **args_to_pass) if context_arg_provided else fn(**args_to_pass)
           ^^^^^^^^^^^^^^^^^^^^^^^^^^^
  File "/app/dagster_project/assets/gitlab_assets.py", line 12, in gitlab_commits
    conn = get_pg_connection()
           ^^^^^^^^^^^^^^^^^^^
  File "/app/dagster_project/utils/helpers.py", line 20, in get_pg_connection
    return psycopg2.connect(os.environ.get(
           ^^^^^^^^^^^^^^^^^^^^^^^^^^^^^^^^
  File "/usr/local/lib/python3.11/site-packages/psycopg2/__init__.py", line 122, in connect
    conn = _connect(dsn, connection_factory=connection_factory, **kwasync)
           ^^^^^^^^^^^^^^^^^^^^^^^^^^^^^^^^^^^^^^^^^^^^^^^^^^^^^^^^^^^^^^^

